Archive member included to satisfy reference by file (symbol)

/Users/khoahuynh/Library/xPacks/@gnu-mcu-eclipse/arm-none-eabi-gcc/8.2.1-1.7.1/.content/bin/../lib/gcc/arm-none-eabi/8.2.1/../../../../arm-none-eabi/lib/thumb/v7-m/nofp/libg_nano.a(lib_a-errno.o)
                              ./Src/syscalls.o (__errno)
/Users/khoahuynh/Library/xPacks/@gnu-mcu-eclipse/arm-none-eabi-gcc/8.2.1-1.7.1/.content/bin/../lib/gcc/arm-none-eabi/8.2.1/../../../../arm-none-eabi/lib/thumb/v7-m/nofp/libg_nano.a(lib_a-exit.o)
                              /Users/khoahuynh/Library/xPacks/@gnu-mcu-eclipse/arm-none-eabi-gcc/8.2.1-1.7.1/.content/bin/../lib/gcc/arm-none-eabi/8.2.1/../../../../arm-none-eabi/lib/thumb/v7-m/nofp/crt0.o (exit)
/Users/khoahuynh/Library/xPacks/@gnu-mcu-eclipse/arm-none-eabi-gcc/8.2.1-1.7.1/.content/bin/../lib/gcc/arm-none-eabi/8.2.1/../../../../arm-none-eabi/lib/thumb/v7-m/nofp/libg_nano.a(lib_a-impure.o)
                              /Users/khoahuynh/Library/xPacks/@gnu-mcu-eclipse/arm-none-eabi-gcc/8.2.1-1.7.1/.content/bin/../lib/gcc/arm-none-eabi/8.2.1/../../../../arm-none-eabi/lib/thumb/v7-m/nofp/libg_nano.a(lib_a-exit.o) (_global_impure_ptr)
/Users/khoahuynh/Library/xPacks/@gnu-mcu-eclipse/arm-none-eabi-gcc/8.2.1-1.7.1/.content/bin/../lib/gcc/arm-none-eabi/8.2.1/../../../../arm-none-eabi/lib/thumb/v7-m/nofp/libg_nano.a(lib_a-init.o)
                              /Users/khoahuynh/Library/xPacks/@gnu-mcu-eclipse/arm-none-eabi-gcc/8.2.1-1.7.1/.content/bin/../lib/gcc/arm-none-eabi/8.2.1/../../../../arm-none-eabi/lib/thumb/v7-m/nofp/crt0.o (__libc_init_array)
/Users/khoahuynh/Library/xPacks/@gnu-mcu-eclipse/arm-none-eabi-gcc/8.2.1-1.7.1/.content/bin/../lib/gcc/arm-none-eabi/8.2.1/../../../../arm-none-eabi/lib/thumb/v7-m/nofp/libg_nano.a(lib_a-memset.o)
                              /Users/khoahuynh/Library/xPacks/@gnu-mcu-eclipse/arm-none-eabi-gcc/8.2.1-1.7.1/.content/bin/../lib/gcc/arm-none-eabi/8.2.1/../../../../arm-none-eabi/lib/thumb/v7-m/nofp/crt0.o (memset)
/Users/khoahuynh/Library/xPacks/@gnu-mcu-eclipse/arm-none-eabi-gcc/8.2.1-1.7.1/.content/bin/../lib/gcc/arm-none-eabi/8.2.1/../../../../arm-none-eabi/lib/thumb/v7-m/nofp/libg_nano.a(lib_a-sprintf.o)
                              ./Src/STM32_ST7032.o (sprintf)
/Users/khoahuynh/Library/xPacks/@gnu-mcu-eclipse/arm-none-eabi-gcc/8.2.1-1.7.1/.content/bin/../lib/gcc/arm-none-eabi/8.2.1/../../../../arm-none-eabi/lib/thumb/v7-m/nofp/libg_nano.a(lib_a-strlen.o)
                              ./Src/STM32_ST7032.o (strlen)
/Users/khoahuynh/Library/xPacks/@gnu-mcu-eclipse/arm-none-eabi-gcc/8.2.1-1.7.1/.content/bin/../lib/gcc/arm-none-eabi/8.2.1/../../../../arm-none-eabi/lib/thumb/v7-m/nofp/libg_nano.a(lib_a-nano-svfprintf.o)
                              /Users/khoahuynh/Library/xPacks/@gnu-mcu-eclipse/arm-none-eabi-gcc/8.2.1-1.7.1/.content/bin/../lib/gcc/arm-none-eabi/8.2.1/../../../../arm-none-eabi/lib/thumb/v7-m/nofp/libg_nano.a(lib_a-sprintf.o) (_svfprintf_r)
/Users/khoahuynh/Library/xPacks/@gnu-mcu-eclipse/arm-none-eabi-gcc/8.2.1-1.7.1/.content/bin/../lib/gcc/arm-none-eabi/8.2.1/../../../../arm-none-eabi/lib/thumb/v7-m/nofp/libg_nano.a(lib_a-nano-vfprintf_i.o)
                              /Users/khoahuynh/Library/xPacks/@gnu-mcu-eclipse/arm-none-eabi-gcc/8.2.1-1.7.1/.content/bin/../lib/gcc/arm-none-eabi/8.2.1/../../../../arm-none-eabi/lib/thumb/v7-m/nofp/libg_nano.a(lib_a-nano-svfprintf.o) (_printf_i)
/Users/khoahuynh/Library/xPacks/@gnu-mcu-eclipse/arm-none-eabi-gcc/8.2.1-1.7.1/.content/bin/../lib/gcc/arm-none-eabi/8.2.1/../../../../arm-none-eabi/lib/thumb/v7-m/nofp/libg_nano.a(lib_a-memchr-stub.o)
                              /Users/khoahuynh/Library/xPacks/@gnu-mcu-eclipse/arm-none-eabi-gcc/8.2.1-1.7.1/.content/bin/../lib/gcc/arm-none-eabi/8.2.1/../../../../arm-none-eabi/lib/thumb/v7-m/nofp/libg_nano.a(lib_a-nano-svfprintf.o) (memchr)
/Users/khoahuynh/Library/xPacks/@gnu-mcu-eclipse/arm-none-eabi-gcc/8.2.1-1.7.1/.content/bin/../lib/gcc/arm-none-eabi/8.2.1/../../../../arm-none-eabi/lib/thumb/v7-m/nofp/libg_nano.a(lib_a-memcpy-stub.o)
                              /Users/khoahuynh/Library/xPacks/@gnu-mcu-eclipse/arm-none-eabi-gcc/8.2.1-1.7.1/.content/bin/../lib/gcc/arm-none-eabi/8.2.1/../../../../arm-none-eabi/lib/thumb/v7-m/nofp/libg_nano.a(lib_a-nano-svfprintf.o) (memcpy)
/Users/khoahuynh/Library/xPacks/@gnu-mcu-eclipse/arm-none-eabi-gcc/8.2.1-1.7.1/.content/bin/../lib/gcc/arm-none-eabi/8.2.1/../../../../arm-none-eabi/lib/thumb/v7-m/nofp/libg_nano.a(lib_a-memmove.o)
                              /Users/khoahuynh/Library/xPacks/@gnu-mcu-eclipse/arm-none-eabi-gcc/8.2.1-1.7.1/.content/bin/../lib/gcc/arm-none-eabi/8.2.1/../../../../arm-none-eabi/lib/thumb/v7-m/nofp/libg_nano.a(lib_a-nano-svfprintf.o) (memmove)
/Users/khoahuynh/Library/xPacks/@gnu-mcu-eclipse/arm-none-eabi-gcc/8.2.1-1.7.1/.content/bin/../lib/gcc/arm-none-eabi/8.2.1/../../../../arm-none-eabi/lib/thumb/v7-m/nofp/libg_nano.a(lib_a-nano-freer.o)
[...]
Memory Configuration

Name             Origin             Length             Attributes
RAM              0x0000000020000000 0x0000000000005000 xrw
FLASH            0x0000000008000000 0x0000000000010000 xr
*default*        0x0000000000000000 0xffffffffffffffff

Linker script and memory map

LOAD /Users/khoahuynh/Library/xPacks/@gnu-mcu-eclipse/arm-none-eabi-gcc/8.2.1-1.7.1/.content/bin/../lib/gcc/arm-none-eabi/8.2.1/thumb/v7-m/nofp/crti.o
LOAD /Users/khoahuynh/Library/xPacks/@gnu-mcu-eclipse/arm-none-eabi-gcc/8.2.1-1.7.1/.content/bin/../lib/gcc/arm-none-eabi/8.2.1/thumb/v7-m/nofp/crtbegin.o
LOAD /Users/khoahuynh/Library/xPacks/@gnu-mcu-eclipse/arm-none-eabi-gcc/8.2.1-1.7.1/.content/bin/../lib/gcc/arm-none-eabi/8.2.1/../../../../arm-none-eabi/lib/thumb/v7-m/nofp/crt0.o
LOAD ./startup/startup_stm32f103xb.o
LOAD ./Src/STM32_ST7032.o
LOAD ./Src/it.o
LOAD ./Src/main.o
LOAD ./Src/msp.o
LOAD ./Src/syscalls.o
LOAD ./Src/system_stm32f1xx.o
LOAD ./Drivers/STM32F1xx_HAL_Driver/Src/stm32f1xx_hal.o
LOAD ./Drivers/STM32F1xx_HAL_Driver/Src/stm32f1xx_hal_cortex.o
LOAD ./Drivers/STM32F1xx_HAL_Driver/Src/stm32f1xx_hal_dma.o
LOAD ./Drivers/STM32F1xx_HAL_Driver/Src/stm32f1xx_hal_exti.o
LOAD ./Drivers/STM32F1xx_HAL_Driver/Src/stm32f1xx_hal_flash.o
LOAD ./Drivers/STM32F1xx_HAL_Driver/Src/stm32f1xx_hal_flash_ex.o
LOAD ./Drivers/STM32F1xx_HAL_Driver/Src/stm32f1xx_hal_gpio.o
LOAD ./Drivers/STM32F1xx_HAL_Driver/Src/stm32f1xx_hal_gpio_ex.o
LOAD ./Drivers/STM32F1xx_HAL_Driver/Src/stm32f1xx_hal_i2c.o
LOAD ./Drivers/STM32F1xx_HAL_Driver/Src/stm32f1xx_hal_pwr.o
LOAD ./Drivers/STM32F1xx_HAL_Driver/Src/stm32f1xx_hal_rcc.o
LOAD ./Drivers/STM32F1xx_HAL_Driver/Src/stm32f1xx_hal_rcc_ex.o
LOAD ./Drivers/STM32F1xx_HAL_Driver/Src/stm32f1xx_hal_tim.o
LOAD ./Drivers/STM32F1xx_HAL_Driver/Src/stm32f1xx_hal_tim_ex.o
LOAD ./Drivers/STM32F1xx_HAL_Driver/Src/stm32f1xx_hal_uart.o
LOAD /Users/khoahuynh/Library/xPacks/@gnu-mcu-eclipse/arm-none-eabi-gcc/8.2.1-1.7.1/.content/bin/../lib/gcc/arm-none-eabi/8.2.1/../../../../arm-none-eabi/lib/thumb/v7-m/nofp/libstdc++_nano.a
LOAD /Users/khoahuynh/Library/xPacks/@gnu-mcu-eclipse/arm-none-eabi-gcc/8.2.1-1.7.1/.content/bin/../lib/gcc/arm-none-eabi/8.2.1/../../../../arm-none-eabi/lib/thumb/v7-m/nofp/libm.a
START GROUP
LOAD /Users/khoahuynh/Library/xPacks/@gnu-mcu-eclipse/arm-none-eabi-gcc/8.2.1-1.7.1/.content/bin/../lib/gcc/arm-none-eabi/8.2.1/thumb/v7-m/nofp/libgcc.a
LOAD /Users/khoahuynh/Library/xPacks/@gnu-mcu-eclipse/arm-none-eabi-gcc/8.2.1-1.7.1/.content/bin/../lib/gcc/arm-none-eabi/8.2.1/../../../../arm-none-eabi/lib/thumb/v7-m/nofp/libg_nano.a
LOAD /Users/khoahuynh/Library/xPacks/@gnu-mcu-eclipse/arm-none-eabi-gcc/8.2.1-1.7.1/.content/bin/../lib/gcc/arm-none-eabi/8.2.1/../../../../arm-none-eabi/lib/thumb/v7-m/nofp/libc_nano.a
END GROUP
START GROUP
LOAD /Users/khoahuynh/Library/xPacks/@gnu-mcu-eclipse/arm-none-eabi-gcc/8.2.1-1.7.1/.content/bin/../lib/gcc/arm-none-eabi/8.2.1/thumb/v7-m/nofp/libgcc.a
LOAD /Users/khoahuynh/Library/xPacks/@gnu-mcu-eclipse/arm-none-eabi-gcc/8.2.1-1.7.1/.content/bin/../lib/gcc/arm-none-eabi/8.2.1/../../../../arm-none-eabi/lib/thumb/v7-m/nofp/libc_nano.a
END GROUP
LOAD /Users/khoahuynh/Library/xPacks/@gnu-mcu-eclipse/arm-none-eabi-gcc/8.2.1-1.7.1/.content/bin/../lib/gcc/arm-none-eabi/8.2.1/thumb/v7-m/nofp/crtend.o
LOAD /Users/khoahuynh/Library/xPacks/@gnu-mcu-eclipse/arm-none-eabi-gcc/8.2.1-1.7.1/.content/bin/../lib/gcc/arm-none-eabi/8.2.1/thumb/v7-m/nofp/crtn.o
                0x0000000020005000                _estack = 0x20005000
                0x0000000000000200                _Min_Heap_Size = 0x200
                0x0000000000000400                _Min_Stack_Size = 0x400

.isr_vector     0x0000000008000000      0x10c
                0x0000000008000000                . = ALIGN (0x4)
 *(.isr_vector)
 .isr_vector    0x0000000008000000      0x10c ./startup/startup_stm32f103xb.o
                0x0000000008000000                g_pfnVectors
                0x000000000800010c                . = ALIGN (0x4)

.text           0x000000000800010c     0x2fb0
                0x000000000800010c                . = ALIGN (0x4)
 *(.text)
 .text          0x000000000800010c       0x10 /Users/khoahuynh/Library/xPacks/@gnu-mcu-eclipse/arm-none-eabi-gcc/8.2.1-1.7.1/.content/bin/../lib/gcc/arm-none-eabi/8.2.1/../../../../arm-none-eabi/lib/thumb/v7-m/nofp/libg_nano.a(lib_a-strlen.o)
                0x000000000800010c                strlen
 *(.text*)
 .text.deregister_tm_clones
                0x000000000800011c       0x1c /Users/khoahuynh/Library/xPacks/@gnu-mcu-eclipse/arm-none-eabi-gcc/8.2.1-1.7.1/.content/bin/../lib/gcc/arm-none-eabi/8.2.1/thumb/v7-m/nofp/crtbegin.o
 .text.register_tm_clones
                0x0000000008000138       0x24 /Users/khoahuynh/Library/xPacks/@gnu-mcu-eclipse/arm-none-eabi-gcc/8.2.1-1.7.1/.content/bin/../lib/gcc/arm-none-eabi/8.2.1/thumb/v7-m/nofp/crtbegin.o
 .text.__do_global_dtors_aux
                0x000000000800015c       0x28 /Users/khoahuynh/Library/xPacks/@gnu-mcu-eclipse/arm-none-eabi-gcc/8.2.1-1.7.1/.content/bin/../lib/gcc/arm-none-eabi/8.2.1/thumb/v7-m/nofp/crtbegin.o
 .text.frame_dummy
                0x0000000008000184       0x24 /Users/khoahuynh/Library/xPacks/@gnu-mcu-eclipse/arm-none-eabi-gcc/8.2.1-1.7.1/.content/bin/../lib/gcc/arm-none-eabi/8.2.1/thumb/v7-m/nofp/crtbegin.o
 .text.Reset_Handler
                0x00000000080001a8       0x48 ./startup/startup_stm32f103xb.o
                0x00000000080001a8                Reset_Handler
 .text.Default_Handler
                0x00000000080001f0        0x2 ./startup/startup_stm32f103xb.o
                0x00000000080001f0                USBWakeUp_IRQHandler
                0x00000000080001f0                EXTI2_IRQHandler
                0x00000000080001f0                DebugMon_Handler
                0x00000000080001f0                TIM1_CC_IRQHandler
                0x00000000080001f0                HardFault_Handler
                0x00000000080001f0                PVD_IRQHandler
                0x00000000080001f0                PendSV_Handler
                0x00000000080001f0                NMI_Handler
                0x00000000080001f0                EXTI3_IRQHandler
                0x00000000080001f0                EXTI0_IRQHandler
                0x00000000080001f0                I2C2_EV_IRQHandler
                0x00000000080001f0                UsageFault_Handler
                0x00000000080001f0                ADC1_2_IRQHandler
                0x00000000080001f0                SPI1_IRQHandler
                0x00000000080001f0                TAMPER_IRQHandler
                0x00000000080001f0                DMA1_Channel4_IRQHandler
                0x00000000080001f0                USART3_IRQHandler
                0x00000000080001f0                RTC_IRQHandler
                0x00000000080001f0                DMA1_Channel7_IRQHandler
                0x00000000080001f0                CAN1_RX1_IRQHandler
                0x00000000080001f0                TIM4_IRQHandler
                0x00000000080001f0                I2C1_EV_IRQHandler
                0x00000000080001f0                DMA1_Channel6_IRQHandler
                0x00000000080001f0                TIM3_IRQHandler
                0x00000000080001f0                RCC_IRQHandler
                0x00000000080001f0                TIM1_TRG_COM_IRQHandler
                0x00000000080001f0                DMA1_Channel1_IRQHandler
                0x00000000080001f0                Default_Handler
                0x00000000080001f0                EXTI15_10_IRQHandler
                0x00000000080001f0                EXTI9_5_IRQHandler
                0x00000000080001f0                SPI2_IRQHandler
                0x00000000080001f0                MemManage_Handler
                0x00000000080001f0                SVC_Handler
                0x00000000080001f0                DMA1_Channel5_IRQHandler
                0x00000000080001f0                EXTI4_IRQHandler
                0x00000000080001f0                USB_LP_CAN1_RX0_IRQHandler
                0x00000000080001f0                USB_HP_CAN1_TX_IRQHandler
                0x00000000080001f0                DMA1_Channel3_IRQHandler
                0x00000000080001f0                TIM1_UP_IRQHandler
                0x00000000080001f0                WWDG_IRQHandler
                0x00000000080001f0                TIM2_IRQHandler
                0x00000000080001f0                TIM1_BRK_IRQHandler
                0x00000000080001f0                EXTI1_IRQHandler
                0x00000000080001f0                USART2_IRQHandler
                0x00000000080001f0                I2C2_ER_IRQHandler
                0x00000000080001f0                DMA1_Channel2_IRQHandler
                0x00000000080001f0                CAN1_SCE_IRQHandler
                0x00000000080001f0                FLASH_IRQHandler
                0x00000000080001f0                BusFault_Handler
                0x00000000080001f0                USART1_IRQHandler
                0x00000000080001f0                I2C1_ER_IRQHandler
                0x00000000080001f0                RTC_Alarm_IRQHandler
 *fill*         0x00000000080001f2        0x2 
 .text.LCD_ST7032_Init
                0x00000000080001f4       0xd4 ./Src/STM32_ST7032.o
                0x00000000080001f4                LCD_ST7032_Init
 .text.LCD_command
                0x00000000080002c8       0x48 ./Src/STM32_ST7032.o
                0x00000000080002c8                LCD_command
 .text.LCD_setCursor
                0x0000000008000310       0x60 ./Src/STM32_ST7032.o
                0x0000000008000310                LCD_setCursor
 .text.LCD_write_byte
                0x0000000008000370       0x64 ./Src/STM32_ST7032.o
                0x0000000008000370                LCD_write_byte
 .text.LCD_write
                0x00000000080003d4       0x70 ./Src/STM32_ST7032.o
                0x00000000080003d4                LCD_write
 .text.LCD_custom
                0x0000000008000444       0x80 ./Src/STM32_ST7032.o
                0x0000000008000444                LCD_custom
 .text.LCD_shift
                0x00000000080004c4       0xb8 ./Src/STM32_ST7032.o
                0x00000000080004c4                LCD_shift
 .text.LCD_contrast
                0x000000000800057c       0x38 ./Src/STM32_ST7032.o
                0x000000000800057c                LCD_contrast
 .text.LCD_backlight
                0x00000000080005b4       0x84 ./Src/STM32_ST7032.o
                0x00000000080005b4                LCD_backlight
 .text.LCD_clear
                0x0000000008000638       0x10 ./Src/STM32_ST7032.o
                0x0000000008000638                LCD_clear
 .text.LCD_home
                0x0000000008000648       0x10 ./Src/STM32_ST7032.o
                0x0000000008000648                LCD_home
 .text.LCD_cursor_on
                0x0000000008000658       0x16 ./Src/STM32_ST7032.o
                0x0000000008000658                LCD_cursor_on
 .text.SysTick_Handler
                0x000000000800066e       0x10 ./Src/it.o
                0x000000000800066e                SysTick_Handler
 *fill*         0x000000000800067e        0x2 
 .text.main     0x0000000008000680       0x90 ./Src/main.o
                0x0000000008000680                main
 .text.Error_Handler
                0x0000000008000710        0x6 ./Src/main.o
                0x0000000008000710                Error_Handler
 *fill*         0x0000000008000716        0x2 
 .text.SYSCLK_Init
                0x0000000008000718       0xac ./Src/main.o
                0x0000000008000718                SYSCLK_Init
 .text.GPIO_Init
                0x00000000080007c4       0x2c ./Src/main.o
                0x00000000080007c4                GPIO_Init
 .text.TIM_Init
                0x00000000080007f0       0x74 ./Src/main.o
                0x00000000080007f0                TIM_Init
 .text.I2C_Init
                0x0000000008000864       0x44 ./Src/main.o
                0x0000000008000864                I2C_Init
 .text.HAL_MspInit
                0x00000000080008a8       0x64 ./Src/msp.o
                0x00000000080008a8                HAL_MspInit
 .text.HAL_I2C_MspInit
                0x000000000800090c       0xb8 ./Src/msp.o
                0x000000000800090c                HAL_I2C_MspInit
 .text.HAL_TIM_PWM_MspInit
                0x00000000080009c4       0x74 ./Src/msp.o
                0x00000000080009c4                HAL_TIM_PWM_MspInit
 .text._sbrk    0x0000000008000a38       0x58 ./Src/syscalls.o
                0x0000000008000a38                _sbrk
 .text.SystemInit
                0x0000000008000a90       0x68 ./Src/system_stm32f1xx.o
                0x0000000008000a90                SystemInit
 .text.HAL_Init
                0x0000000008000af8       0x2c ./Drivers/STM32F1xx_HAL_Driver/Src/stm32f1xx_hal.o
                0x0000000008000af8                HAL_Init
 .text.HAL_InitTick
                0x0000000008000b24       0x60 ./Drivers/STM32F1xx_HAL_Driver/Src/stm32f1xx_hal.o
                0x0000000008000b24                HAL_InitTick
 .text.HAL_IncTick
                0x0000000008000b84       0x24 ./Drivers/STM32F1xx_HAL_Driver/Src/stm32f1xx_hal.o
                0x0000000008000b84                HAL_IncTick
 .text.HAL_GetTick
                0x0000000008000ba8       0x14 ./Drivers/STM32F1xx_HAL_Driver/Src/stm32f1xx_hal.o
                0x0000000008000ba8                HAL_GetTick
 .text.HAL_Delay
                0x0000000008000bbc       0x44 ./Drivers/STM32F1xx_HAL_Driver/Src/stm32f1xx_hal.o
                0x0000000008000bbc                HAL_Delay
 .text.__NVIC_SetPriorityGrouping
                0x0000000008000c00       0x48 ./Drivers/STM32F1xx_HAL_Driver/Src/stm32f1xx_hal_cortex.o
 .text.__NVIC_GetPriorityGrouping
                0x0000000008000c48       0x1c ./Drivers/STM32F1xx_HAL_Driver/Src/stm32f1xx_hal_cortex.o
 .text.__NVIC_EnableIRQ
                0x0000000008000c64       0x38 ./Drivers/STM32F1xx_HAL_Driver/Src/stm32f1xx_hal_cortex.o
 .text.__NVIC_SetPriority
                0x0000000008000c9c       0x54 ./Drivers/STM32F1xx_HAL_Driver/Src/stm32f1xx_hal_cortex.o
 .text.NVIC_EncodePriority
                0x0000000008000cf0       0x64 ./Drivers/STM32F1xx_HAL_Driver/Src/stm32f1xx_hal_cortex.o
 .text.SysTick_Config
                0x0000000008000d54       0x44 ./Drivers/STM32F1xx_HAL_Driver/Src/stm32f1xx_hal_cortex.o
 .text.HAL_NVIC_SetPriorityGrouping
                0x0000000008000d98       0x16 ./Drivers/STM32F1xx_HAL_Driver/Src/stm32f1xx_hal_cortex.o
                0x0000000008000d98                HAL_NVIC_SetPriorityGrouping
 .text.HAL_NVIC_SetPriority
                0x0000000008000dae       0x38 ./Drivers/STM32F1xx_HAL_Driver/Src/stm32f1xx_hal_cortex.o
                0x0000000008000dae                HAL_NVIC_SetPriority
 .text.HAL_NVIC_EnableIRQ
                0x0000000008000de6       0x1c ./Drivers/STM32F1xx_HAL_Driver/Src/stm32f1xx_hal_cortex.o
                0x0000000008000de6                HAL_NVIC_EnableIRQ
 .text.HAL_SYSTICK_Config
                0x0000000008000e02       0x18 ./Drivers/STM32F1xx_HAL_Driver/Src/stm32f1xx_hal_cortex.o
                0x0000000008000e02                HAL_SYSTICK_Config
 *fill*         0x0000000008000e1a        0x2 
 .text.HAL_SYSTICK_CLKSourceConfig
                0x0000000008000e1c       0x38 ./Drivers/STM32F1xx_HAL_Driver/Src/stm32f1xx_hal_cortex.o
                0x0000000008000e1c                HAL_SYSTICK_CLKSourceConfig
 .text.HAL_SYSTICK_IRQHandler
                0x0000000008000e54        0xc ./Drivers/STM32F1xx_HAL_Driver/Src/stm32f1xx_hal_cortex.o
                0x0000000008000e54                HAL_SYSTICK_IRQHandler
 .text.HAL_SYSTICK_Callback
                0x0000000008000e60        0xc ./Drivers/STM32F1xx_HAL_Driver/Src/stm32f1xx_hal_cortex.o
                0x0000000008000e60                HAL_SYSTICK_Callback
 .text.HAL_GPIO_Init
                0x0000000008000e6c      0x2b4 ./Drivers/STM32F1xx_HAL_Driver/Src/stm32f1xx_hal_gpio.o
                0x0000000008000e6c                HAL_GPIO_Init
 .text.HAL_I2C_Init
                0x0000000008001120      0x268 ./Drivers/STM32F1xx_HAL_Driver/Src/stm32f1xx_hal_i2c.o
                0x0000000008001120                HAL_I2C_Init
 .text.HAL_I2C_Master_Transmit
                0x0000000008001388      0x1fc ./Drivers/STM32F1xx_HAL_Driver/Src/stm32f1xx_hal_i2c.o
                0x0000000008001388                HAL_I2C_Master_Transmit
 .text.I2C_MasterRequestWrite
                0x0000000008001584       0xec ./Drivers/STM32F1xx_HAL_Driver/Src/stm32f1xx_hal_i2c.o
 .text.I2C_WaitOnFlagUntilTimeout
                0x0000000008001670       0xae ./Drivers/STM32F1xx_HAL_Driver/Src/stm32f1xx_hal_i2c.o
 .text.I2C_WaitOnMasterAddressFlagUntilTimeout
                0x000000000800171e       0xfe ./Drivers/STM32F1xx_HAL_Driver/Src/stm32f1xx_hal_i2c.o
 .text.I2C_WaitOnTXEFlagUntilTimeout
                0x000000000800181c       0x82 ./Drivers/STM32F1xx_HAL_Driver/Src/stm32f1xx_hal_i2c.o
 .text.I2C_WaitOnBTFFlagUntilTimeout
                0x000000000800189e       0x82 ./Drivers/STM32F1xx_HAL_Driver/Src/stm32f1xx_hal_i2c.o
 .text.I2C_IsAcknowledgeFailed
                0x0000000008001920       0x5c ./Drivers/STM32F1xx_HAL_Driver/Src/stm32f1xx_hal_i2c.o
 .text.HAL_RCC_OscConfig
                0x000000000800197c      0x500 ./Drivers/STM32F1xx_HAL_Driver/Src/stm32f1xx_hal_rcc.o
                0x000000000800197c                HAL_RCC_OscConfig
 .text.HAL_RCC_ClockConfig
                0x0000000008001e7c      0x1d4 ./Drivers/STM32F1xx_HAL_Driver/Src/stm32f1xx_hal_rcc.o
                0x0000000008001e7c                HAL_RCC_ClockConfig
 .text.HAL_RCC_GetSysClockFreq
                0x0000000008002050       0xc4 ./Drivers/STM32F1xx_HAL_Driver/Src/stm32f1xx_hal_rcc.o
                0x0000000008002050                HAL_RCC_GetSysClockFreq
 .text.HAL_RCC_GetHCLKFreq
                0x0000000008002114       0x14 ./Drivers/STM32F1xx_HAL_Driver/Src/stm32f1xx_hal_rcc.o
                0x0000000008002114                HAL_RCC_GetHCLKFreq
 .text.HAL_RCC_GetPCLK1Freq
                0x0000000008002128       0x28 ./Drivers/STM32F1xx_HAL_Driver/Src/stm32f1xx_hal_rcc.o
                0x0000000008002128                HAL_RCC_GetPCLK1Freq
 .text.RCC_Delay
                0x0000000008002150       0x3c ./Drivers/STM32F1xx_HAL_Driver/Src/stm32f1xx_hal_rcc.o
 .text.HAL_TIM_PWM_Init
                0x000000000800218c       0x56 ./Drivers/STM32F1xx_HAL_Driver/Src/stm32f1xx_hal_tim.o
                0x000000000800218c                HAL_TIM_PWM_Init
 *fill*         0x00000000080021e2        0x2 
 .text.HAL_TIM_PWM_Start
                0x00000000080021e4       0x64 ./Drivers/STM32F1xx_HAL_Driver/Src/stm32f1xx_hal_tim.o
                0x00000000080021e4                HAL_TIM_PWM_Start
 .text.HAL_TIM_PWM_ConfigChannel
                0x0000000008002248      0x18c ./Drivers/STM32F1xx_HAL_Driver/Src/stm32f1xx_hal_tim.o
                0x0000000008002248                HAL_TIM_PWM_ConfigChannel
 .text.TIM_Base_SetConfig
                0x00000000080023d4       0xc4 ./Drivers/STM32F1xx_HAL_Driver/Src/stm32f1xx_hal_tim.o
                0x00000000080023d4                TIM_Base_SetConfig
 .text.TIM_OC1_SetConfig
                0x0000000008002498       0xcc ./Drivers/STM32F1xx_HAL_Driver/Src/stm32f1xx_hal_tim.o
 .text.TIM_OC2_SetConfig
                0x0000000008002564       0xd4 ./Drivers/STM32F1xx_HAL_Driver/Src/stm32f1xx_hal_tim.o
                0x0000000008002564                TIM_OC2_SetConfig
 .text.TIM_OC3_SetConfig
                0x0000000008002638       0xd4 ./Drivers/STM32F1xx_HAL_Driver/Src/stm32f1xx_hal_tim.o
 .text.TIM_OC4_SetConfig
                0x000000000800270c       0x9c ./Drivers/STM32F1xx_HAL_Driver/Src/stm32f1xx_hal_tim.o
 .text.TIM_CCxChannelCmd
                0x00000000080027a8       0x48 ./Drivers/STM32F1xx_HAL_Driver/Src/stm32f1xx_hal_tim.o
                0x00000000080027a8                TIM_CCxChannelCmd
 .text.__errno  0x00000000080027f0        0xc /Users/khoahuynh/Library/xPacks/@gnu-mcu-eclipse/arm-none-eabi-gcc/8.2.1-1.7.1/.content/bin/../lib/gcc/arm-none-eabi/8.2.1/../../../../arm-none-eabi/lib/thumb/v7-m/nofp/libg_nano.a(lib_a-errno.o)
                0x00000000080027f0                __errno
 .text.__libc_init_array
                0x00000000080027fc       0x48 /Users/khoahuynh/Library/xPacks/@gnu-mcu-eclipse/arm-none-eabi-gcc/8.2.1-1.7.1/.content/bin/../lib/gcc/arm-none-eabi/8.2.1/../../../../arm-none-eabi/lib/thumb/v7-m/nofp/libg_nano.a(lib_a-init.o)
                0x00000000080027fc                __libc_init_array
 .text.memset   0x0000000008002844       0x10 /Users/khoahuynh/Library/xPacks/@gnu-mcu-eclipse/arm-none-eabi-gcc/8.2.1-1.7.1/.content/bin/../lib/gcc/arm-none-eabi/8.2.1/../../../../arm-none-eabi/lib/thumb/v7-m/nofp/libg_nano.a(lib_a-memset.o)
                0x0000000008002844                memset
 .text.sprintf  0x0000000008002854       0x40 /Users/khoahuynh/Library/xPacks/@gnu-mcu-eclipse/arm-none-eabi-gcc/8.2.1-1.7.1/.content/bin/../lib/gcc/arm-none-eabi/8.2.1/../../../../arm-none-eabi/lib/thumb/v7-m/nofp/libg_nano.a(lib_a-sprintf.o)
                0x0000000008002854                sprintf
                0x0000000008002854                siprintf
 .text.__ssputs_r
                0x0000000008002894       0xb6 /Users/khoahuynh/Library/xPacks/@gnu-mcu-eclipse/arm-none-eabi-gcc/8.2.1-1.7.1/.content/bin/../lib/gcc/arm-none-eabi/8.2.1/../../../../arm-none-eabi/lib/thumb/v7-m/nofp/libg_nano.a(lib_a-nano-svfprintf.o)
                0x0000000008002894                __ssputs_r
 *fill*         0x000000000800294a        0x2 
 .text._svfprintf_r
                0x000000000800294c      0x1f0 /Users/khoahuynh/Library/xPacks/@gnu-mcu-eclipse/arm-none-eabi-gcc/8.2.1-1.7.1/.content/bin/../lib/gcc/arm-none-eabi/8.2.1/../../../../arm-none-eabi/lib/thumb/v7-m/nofp/libg_nano.a(lib_a-nano-svfprintf.o)
                0x000000000800294c                _svfprintf_r
                0x000000000800294c                _svfiprintf_r
 .text._printf_common
                0x0000000008002b3c       0xec /Users/khoahuynh/Library/xPacks/@gnu-mcu-eclipse/arm-none-eabi-gcc/8.2.1-1.7.1/.content/bin/../lib/gcc/arm-none-eabi/8.2.1/../../../../arm-none-eabi/lib/thumb/v7-m/nofp/libg_nano.a(lib_a-nano-vfprintf_i.o)
                0x0000000008002b3c                _printf_common
 .text._printf_i
                0x0000000008002c28      0x22c /Users/khoahuynh/Library/xPacks/@gnu-mcu-eclipse/arm-none-eabi-gcc/8.2.1-1.7.1/.content/bin/../lib/gcc/arm-none-eabi/8.2.1/../../../../arm-none-eabi/lib/thumb/v7-m/nofp/libg_nano.a(lib_a-nano-vfprintf_i.o)
                0x0000000008002c28                _printf_i
 .text.memchr   0x0000000008002e54       0x1c /Users/khoahuynh/Library/xPacks/@gnu-mcu-eclipse/arm-none-eabi-gcc/8.2.1-1.7.1/.content/bin/../lib/gcc/arm-none-eabi/8.2.1/../../../../arm-none-eabi/lib/thumb/v7-m/nofp/libg_nano.a(lib_a-memchr-stub.o)
                0x0000000008002e54                memchr
 .text.memcpy   0x0000000008002e70       0x1c /Users/khoahuynh/Library/xPacks/@gnu-mcu-eclipse/arm-none-eabi-gcc/8.2.1-1.7.1/.content/bin/../lib/gcc/arm-none-eabi/8.2.1/../../../../arm-none-eabi/lib/thumb/v7-m/nofp/libg_nano.a(lib_a-memcpy-stub.o)
                0x0000000008002e70                memcpy
 .text.memmove  0x0000000008002e8c       0x34 /Users/khoahuynh/Library/xPacks/@gnu-mcu-eclipse/arm-none-eabi-gcc/8.2.1-1.7.1/.content/bin/../lib/gcc/arm-none-eabi/8.2.1/../../../../arm-none-eabi/lib/thumb/v7-m/nofp/libg_nano.a(lib_a-memmove.o)
                0x0000000008002e8c                memmove
 .text._free_r  0x0000000008002ec0       0x98 /Users/khoahuynh/Library/xPacks/@gnu-mcu-eclipse/arm-none-eabi-gcc/8.2.1-1.7.1/.content/bin/../lib/gcc/arm-none-eabi/8.2.1/../../../../arm-none-eabi/lib/thumb/v7-m/nofp/libg_nano.a(lib_a-nano-freer.o)
                0x0000000008002ec0                _free_r
 .text._malloc_r
                0x0000000008002f58       0xb4 /Users/khoahuynh/Library/xPacks/@gnu-mcu-eclipse/arm-none-eabi-gcc/8.2.1-1.7.1/.content/bin/../lib/gcc/arm-none-eabi/8.2.1/../../../../arm-none-eabi/lib/thumb/v7-m/nofp/libg_nano.a(lib_a-nano-mallocr.o)
                0x0000000008002f58                _malloc_r
 .text._realloc_r
                0x000000000800300c       0x4c /Users/khoahuynh/Library/xPacks/@gnu-mcu-eclipse/arm-none-eabi-gcc/8.2.1-1.7.1/.content/bin/../lib/gcc/arm-none-eabi/8.2.1/../../../../arm-none-eabi/lib/thumb/v7-m/nofp/libg_nano.a(lib_a-nano-reallocr.o)
                0x000000000800300c                _realloc_r
 .text._sbrk_r  0x0000000008003058       0x20 /Users/khoahuynh/Library/xPacks/@gnu-mcu-eclipse/arm-none-eabi-gcc/8.2.1-1.7.1/.content/bin/../lib/gcc/arm-none-eabi/8.2.1/../../../../arm-none-eabi/lib/thumb/v7-m/nofp/libg_nano.a(lib_a-sbrkr.o)
                0x0000000008003058                _sbrk_r
 .text.__malloc_lock
                0x0000000008003078        0xc /Users/khoahuynh/Library/xPacks/@gnu-mcu-eclipse/arm-none-eabi-gcc/8.2.1-1.7.1/.content/bin/../lib/gcc/arm-none-eabi/8.2.1/../../../../arm-none-eabi/lib/thumb/v7-m/nofp/libg_nano.a(lib_a-mlock.o)
                0x0000000008003078                __malloc_lock
 .text.__malloc_unlock
                0x0000000008003084        0xc /Users/khoahuynh/Library/xPacks/@gnu-mcu-eclipse/arm-none-eabi-gcc/8.2.1-1.7.1/.content/bin/../lib/gcc/arm-none-eabi/8.2.1/../../../../arm-none-eabi/lib/thumb/v7-m/nofp/libg_nano.a(lib_a-mlock.o)
                0x0000000008003084                __malloc_unlock
 .text._malloc_usable_size_r
                0x0000000008003090       0x10 /Users/khoahuynh/Library/xPacks/@gnu-mcu-eclipse/arm-none-eabi-gcc/8.2.1-1.7.1/.content/bin/../lib/gcc/arm-none-eabi/8.2.1/../../../../arm-none-eabi/lib/thumb/v7-m/nofp/libg_nano.a(lib_a-nano-msizer.o)
                0x0000000008003090                _malloc_usable_size_r
 .text.__retarget_lock_acquire_recursive
                0x00000000080030a0        0x2 /Users/khoahuynh/Library/xPacks/@gnu-mcu-eclipse/arm-none-eabi-gcc/8.2.1-1.7.1/.content/bin/../lib/gcc/arm-none-eabi/8.2.1/../../../../arm-none-eabi/lib/thumb/v7-m/nofp/libg_nano.a(lib_a-lock.o)
                0x00000000080030a0                __retarget_lock_acquire_recursive
 .text.__retarget_lock_release_recursive
                0x00000000080030a2        0x2 /Users/khoahuynh/Library/xPacks/@gnu-mcu-eclipse/arm-none-eabi-gcc/8.2.1-1.7.1/.content/bin/../lib/gcc/arm-none-eabi/8.2.1/../../../../arm-none-eabi/lib/thumb/v7-m/nofp/libg_nano.a(lib_a-lock.o)
                0x00000000080030a2                __retarget_lock_release_recursive
 *(.glue_7)
 .glue_7        0x00000000080030a4        0x0 linker stubs
 *(.glue_7t)
 .glue_7t       0x00000000080030a4        0x0 linker stubs
 *(.eh_frame)
 .eh_frame      0x00000000080030a4        0x0 /Users/khoahuynh/Library/xPacks/@gnu-mcu-eclipse/arm-none-eabi-gcc/8.2.1-1.7.1/.content/bin/../lib/gcc/arm-none-eabi/8.2.1/thumb/v7-m/nofp/crtbegin.o
 *(.init)
 .init          0x00000000080030a4        0x4 /Users/khoahuynh/Library/xPacks/@gnu-mcu-eclipse/arm-none-eabi-gcc/8.2.1-1.7.1/.content/bin/../lib/gcc/arm-none-eabi/8.2.1/thumb/v7-m/nofp/crti.o
                0x00000000080030a4                _init
 .init          0x00000000080030a8        0x8 /Users/khoahuynh/Library/xPacks/@gnu-mcu-eclipse/arm-none-eabi-gcc/8.2.1-1.7.1/.content/bin/../lib/gcc/arm-none-eabi/8.2.1/thumb/v7-m/nofp/crtn.o
 *(.fini)
 .fini          0x00000000080030b0        0x4 /Users/khoahuynh/Library/xPacks/@gnu-mcu-eclipse/arm-none-eabi-gcc/8.2.1-1.7.1/.content/bin/../lib/gcc/arm-none-eabi/8.2.1/thumb/v7-m/nofp/crti.o
                0x00000000080030b0                _fini
 .fini          0x00000000080030b4        0x8 /Users/khoahuynh/Library/xPacks/@gnu-mcu-eclipse/arm-none-eabi-gcc/8.2.1-1.7.1/.content/bin/../lib/gcc/arm-none-eabi/8.2.1/thumb/v7-m/nofp/crtn.o
                0x00000000080030bc                . = ALIGN (0x4)
                0x00000000080030bc                _etext = .

.vfp11_veneer   0x00000000080030bc        0x0
 .vfp11_veneer  0x00000000080030bc        0x0 linker stubs

.v4_bx          0x00000000080030bc        0x0
 .v4_bx         0x00000000080030bc        0x0 linker stubs

.iplt           0x00000000080030bc        0x0
 .iplt          0x00000000080030bc        0x0 /Users/khoahuynh/Library/xPacks/@gnu-mcu-eclipse/arm-none-eabi-gcc/8.2.1-1.7.1/.content/bin/../lib/gcc/arm-none-eabi/8.2.1/thumb/v7-m/nofp/crtbegin.o

.rodata         0x00000000080030bc       0x7c
                0x00000000080030bc                . = ALIGN (0x4)
 *(.rodata)
 .rodata        0x00000000080030bc        0xd ./Src/STM32_ST7032.o
 *fill*         0x00000000080030c9        0x3 
 .rodata        0x00000000080030cc       0x12 ./Drivers/STM32F1xx_HAL_Driver/Src/stm32f1xx_hal_rcc.o
 *(.rodata*)
 *fill*         0x00000000080030de        0x2 
 .rodata.dram_dispAddr
                0x00000000080030e0        0x9 ./Src/STM32_ST7032.o
                0x00000000080030e0                dram_dispAddr
 *fill*         0x00000000080030e9        0x3 
 .rodata.AHBPrescTable
                0x00000000080030ec       0x10 ./Src/system_stm32f1xx.o
                0x00000000080030ec                AHBPrescTable
 .rodata.APBPrescTable
                0x00000000080030fc        0x8 ./Src/system_stm32f1xx.o
                0x00000000080030fc                APBPrescTable
 .rodata._svfprintf_r.str1.1
                0x0000000008003104       0x11 /Users/khoahuynh/Library/xPacks/@gnu-mcu-eclipse/arm-none-eabi-gcc/8.2.1-1.7.1/.content/bin/../lib/gcc/arm-none-eabi/8.2.1/../../../../arm-none-eabi/lib/thumb/v7-m/nofp/libg_nano.a(lib_a-nano-svfprintf.o)
 .rodata._printf_i.str1.1
                0x0000000008003115       0x22 /Users/khoahuynh/Library/xPacks/@gnu-mcu-eclipse/arm-none-eabi-gcc/8.2.1-1.7.1/.content/bin/../lib/gcc/arm-none-eabi/8.2.1/../../../../arm-none-eabi/lib/thumb/v7-m/nofp/libg_nano.a(lib_a-nano-vfprintf_i.o)
                0x0000000008003138                . = ALIGN (0x4)
 *fill*         0x0000000008003137        0x1 

.rel.dyn        0x0000000008003138        0x0
 .rel.iplt      0x0000000008003138        0x0 /Users/khoahuynh/Library/xPacks/@gnu-mcu-eclipse/arm-none-eabi-gcc/8.2.1-1.7.1/.content/bin/../lib/gcc/arm-none-eabi/8.2.1/thumb/v7-m/nofp/crtbegin.o

.ARM.extab
 *(.ARM.extab* .gnu.linkonce.armextab.*)

.ARM            0x0000000008003138        0x0
                0x0000000008003138                __exidx_start = .
 *(.ARM.exidx*)
                0x0000000008003138                __exidx_end = .

.preinit_array  0x0000000008003138        0x0
                0x0000000008003138                PROVIDE (__preinit_array_start = .)
 *(.preinit_array*)
                0x0000000008003138                PROVIDE (__preinit_array_end = .)

.init_array     0x0000000008003138        0x4
                0x0000000008003138                PROVIDE (__init_array_start = .)
 *(SORT_BY_NAME(.init_array.*))
 *(.init_array*)
 .init_array    0x0000000008003138        0x4 /Users/khoahuynh/Library/xPacks/@gnu-mcu-eclipse/arm-none-eabi-gcc/8.2.1-1.7.1/.content/bin/../lib/gcc/arm-none-eabi/8.2.1/thumb/v7-m/nofp/crtbegin.o
                0x000000000800313c                PROVIDE (__init_array_end = .)

.fini_array     0x000000000800313c        0x4
                [!provide]                        PROVIDE (__fini_array_start = .)
 *(SORT_BY_NAME(.fini_array.*))
 *(.fini_array*)
 .fini_array    0x000000000800313c        0x4 /Users/khoahuynh/Library/xPacks/@gnu-mcu-eclipse/arm-none-eabi-gcc/8.2.1-1.7.1/.content/bin/../lib/gcc/arm-none-eabi/8.2.1/thumb/v7-m/nofp/crtbegin.o
                [!provide]                        PROVIDE (__fini_array_end = .)
                0x0000000008003140                _sidata = LOADADDR (.data)

.data           0x0000000020000000       0xc8 load address 0x0000000008003140
                0x0000000020000000                . = ALIGN (0x4)
                0x0000000020000000                _sdata = .
 *(.data)
 *(.data*)
 .data.mesg     0x0000000020000000       0x50 ./Src/main.o
                0x0000000020000000                mesg
 .data.bell     0x0000000020000050        0x8 ./Src/main.o
                0x0000000020000050                bell
 .data.SystemCoreClock
                0x0000000020000058        0x4 ./Src/system_stm32f1xx.o
                0x0000000020000058                SystemCoreClock
 .data.uwTickPrio
                0x000000002000005c        0x4 ./Drivers/STM32F1xx_HAL_Driver/Src/stm32f1xx_hal.o
                0x000000002000005c                uwTickPrio
 .data.uwTickFreq
                0x0000000020000060        0x1 ./Drivers/STM32F1xx_HAL_Driver/Src/stm32f1xx_hal.o
                0x0000000020000060                uwTickFreq
 *fill*         0x0000000020000061        0x3 
 .data._impure_ptr
                0x0000000020000064        0x4 /Users/khoahuynh/Library/xPacks/@gnu-mcu-eclipse/arm-none-eabi-gcc/8.2.1-1.7.1/.content/bin/../lib/gcc/arm-none-eabi/8.2.1/../../../../arm-none-eabi/lib/thumb/v7-m/nofp/libg_nano.a(lib_a-impure.o)
                0x0000000020000064                _impure_ptr
 .data.impure_data
                0x0000000020000068       0x60 /Users/khoahuynh/Library/xPacks/@gnu-mcu-eclipse/arm-none-eabi-gcc/8.2.1-1.7.1/.content/bin/../lib/gcc/arm-none-eabi/8.2.1/../../../../arm-none-eabi/lib/thumb/v7-m/nofp/libg_nano.a(lib_a-impure.o)
                0x00000000200000c8                . = ALIGN (0x4)
                0x00000000200000c8                _edata = .

.tm_clone_table
                0x00000000200000c8        0x0 load address 0x0000000008003208
 .tm_clone_table
                0x00000000200000c8        0x0 /Users/khoahuynh/Library/xPacks/@gnu-mcu-eclipse/arm-none-eabi-gcc/8.2.1-1.7.1/.content/bin/../lib/gcc/arm-none-eabi/8.2.1/thumb/v7-m/nofp/crtbegin.o
 .tm_clone_table
                0x00000000200000c8        0x0 /Users/khoahuynh/Library/xPacks/@gnu-mcu-eclipse/arm-none-eabi-gcc/8.2.1-1.7.1/.content/bin/../lib/gcc/arm-none-eabi/8.2.1/thumb/v7-m/nofp/crtend.o

.igot.plt       0x00000000200000c8        0x0 load address 0x0000000008003208
 .igot.plt      0x00000000200000c8        0x0 /Users/khoahuynh/Library/xPacks/@gnu-mcu-eclipse/arm-none-eabi-gcc/8.2.1-1.7.1/.content/bin/../lib/gcc/arm-none-eabi/8.2.1/thumb/v7-m/nofp/crtbegin.o
                0x00000000200000c8                . = ALIGN (0x4)

.bss            0x00000000200000c8      0x130 load address 0x0000000008003208
                0x00000000200000c8                _sbss = .
                0x00000000200000c8                __bss_start__ = _sbss
 *(.bss)
 *(.bss*)
 .bss.completed.6707
                0x00000000200000c8        0x1 /Users/khoahuynh/Library/xPacks/@gnu-mcu-eclipse/arm-none-eabi-gcc/8.2.1-1.7.1/.content/bin/../lib/gcc/arm-none-eabi/8.2.1/thumb/v7-m/nofp/crtbegin.o
 *fill*         0x00000000200000c9        0x3 
 .bss.object.6712
                0x00000000200000cc       0x18 /Users/khoahuynh/Library/xPacks/@gnu-mcu-eclipse/arm-none-eabi-gcc/8.2.1-1.7.1/.content/bin/../lib/gcc/arm-none-eabi/8.2.1/thumb/v7-m/nofp/crtbegin.o
 .bss._initialized
                0x00000000200000e4        0x1 ./Src/STM32_ST7032.o
                0x00000000200000e4                _initialized
 *fill*         0x00000000200000e5        0x3 
 .bss._hlcd     0x00000000200000e8        0xc ./Src/STM32_ST7032.o
                0x00000000200000e8                _hlcd
 .bss.htim2     0x00000000200000f4       0x40 ./Src/main.o
                0x00000000200000f4                htim2
 .bss.hi2c1     0x0000000020000134       0x54 ./Src/main.o
                0x0000000020000134                hi2c1
 .bss.heap_end.5543
                0x0000000020000188        0x4 ./Src/syscalls.o
 .bss.__malloc_free_list
                0x000000002000018c        0x4 /Users/khoahuynh/Library/xPacks/@gnu-mcu-eclipse/arm-none-eabi-gcc/8.2.1-1.7.1/.content/bin/../lib/gcc/arm-none-eabi/8.2.1/../../../../arm-none-eabi/lib/thumb/v7-m/nofp/libg_nano.a(lib_a-nano-mallocr.o)
                0x000000002000018c                __malloc_free_list
 .bss.__malloc_sbrk_start
                0x0000000020000190        0x4 /Users/khoahuynh/Library/xPacks/@gnu-mcu-eclipse/arm-none-eabi-gcc/8.2.1-1.7.1/.content/bin/../lib/gcc/arm-none-eabi/8.2.1/../../../../arm-none-eabi/lib/thumb/v7-m/nofp/libg_nano.a(lib_a-nano-mallocr.o)
                0x0000000020000190                __malloc_sbrk_start
 *(COMMON)
 COMMON         0x0000000020000194       0x50 ./Src/STM32_ST7032.o
                0x0000000020000194                LCD_buff
 COMMON         0x00000000200001e4        0x4 ./Drivers/STM32F1xx_HAL_Driver/Src/stm32f1xx_hal.o
                0x00000000200001e4                uwTick
 COMMON         0x00000000200001e8        0x4 /Users/khoahuynh/Library/xPacks/@gnu-mcu-eclipse/arm-none-eabi-gcc/8.2.1-1.7.1/.content/bin/../lib/gcc/arm-none-eabi/8.2.1/../../../../arm-none-eabi/lib/thumb/v7-m/nofp/libg_nano.a(lib_a-reent.o)
                0x00000000200001e8                errno
 COMMON         0x00000000200001ec        0x9 /Users/khoahuynh/Library/xPacks/@gnu-mcu-eclipse/arm-none-eabi-gcc/8.2.1-1.7.1/.content/bin/../lib/gcc/arm-none-eabi/8.2.1/../../../../arm-none-eabi/lib/thumb/v7-m/nofp/libg_nano.a(lib_a-lock.o)
                0x00000000200001ec                __lock___atexit_recursive_mutex
                0x00000000200001ed                __lock___arc4random_mutex
                0x00000000200001ee                __lock___env_recursive_mutex
                0x00000000200001ef                __lock___sinit_recursive_mutex
                0x00000000200001f0                __lock___malloc_recursive_mutex
                0x00000000200001f1                __lock___at_quick_exit_mutex
                0x00000000200001f2                __lock___dd_hash_mutex
                0x00000000200001f3                __lock___tz_mutex
                0x00000000200001f4                __lock___sfp_recursive_mutex
                0x00000000200001f8                . = ALIGN (0x4)
 *fill*         0x00000000200001f5        0x3 
                0x00000000200001f8                _ebss = .
                0x00000000200001f8                __bss_end__ = _ebss

._user_heap_stack
                0x00000000200001f8      0x600 load address 0x0000000008003208
                0x00000000200001f8                . = ALIGN (0x8)
                0x00000000200001f8                PROVIDE (end = .)
                [!provide]                        PROVIDE (_end = .)
                0x00000000200003f8                . = (. + _Min_Heap_Size)
 *fill*         0x00000000200001f8      0x200 
                0x00000000200007f8                . = (. + _Min_Stack_Size)
 *fill*         0x00000000200003f8      0x400 
                0x00000000200007f8                . = ALIGN (0x8)

/DISCARD/
 libc.a(*)
 libm.a(*)
 libgcc.a(*)

.ARM.attributes
                0x0000000000000000       0x29
 *(.ARM.attributes)
 .ARM.attributes
                0x0000000000000000       0x1d /Users/khoahuynh/Library/xPacks/@gnu-mcu-eclipse/arm-none-eabi-gcc/8.2.1-1.7.1/.content/bin/../lib/gcc/arm-none-eabi/8.2.1/thumb/v7-m/nofp/crti.o
 .ARM.attributes
                0x000000000000001d       0x2d /Users/khoahuynh/Library/xPacks/@gnu-mcu-eclipse/arm-none-eabi-gcc/8.2.1-1.7.1/.content/bin/../lib/gcc/arm-none-eabi/8.2.1/thumb/v7-m/nofp/crtbegin.o
 .ARM.attributes
                0x000000000000004a       0x21 ./startup/startup_stm32f103xb.o
 .ARM.attributes
                0x000000000000006b       0x2d ./Src/STM32_ST7032.o
 .ARM.attributes
                0x0000000000000098       0x2d ./Src/it.o
 .ARM.attributes
                0x00000000000000c5       0x2d ./Src/main.o
 .ARM.attributes
                0x00000000000000f2       0x2d ./Src/msp.o
 .ARM.attributes
                0x000000000000011f       0x2d ./Src/syscalls.o
 .ARM.attributes
                0x000000000000014c       0x2d ./Src/system_stm32f1xx.o
 .ARM.attributes
                0x0000000000000179       0x2d ./Drivers/STM32F1xx_HAL_Driver/Src/stm32f1xx_hal.o
 .ARM.attributes
                0x00000000000001a6       0x2d ./Drivers/STM32F1xx_HAL_Driver/Src/stm32f1xx_hal_cortex.o
 .ARM.attributes
                0x00000000000001d3       0x2d ./Drivers/STM32F1xx_HAL_Driver/Src/stm32f1xx_hal_gpio.o
 .ARM.attributes
                0x0000000000000200       0x2d ./Drivers/STM32F1xx_HAL_Driver/Src/stm32f1xx_hal_i2c.o
 .ARM.attributes
                0x000000000000022d       0x2d ./Drivers/STM32F1xx_HAL_Driver/Src/stm32f1xx_hal_rcc.o
 .ARM.attributes
                0x000000000000025a       0x2d ./Drivers/STM32F1xx_HAL_Driver/Src/stm32f1xx_hal_tim.o
 .ARM.attributes
                0x0000000000000287       0x2d /Users/khoahuynh/Library/xPacks/@gnu-mcu-eclipse/arm-none-eabi-gcc/8.2.1-1.7.1/.content/bin/../lib/gcc/arm-none-eabi/8.2.1/../../../../arm-none-eabi/lib/thumb/v7-m/nofp/libg_nano.a(lib_a-errno.o)
 .ARM.attributes
                0x00000000000002b4       0x2d /Users/khoahuynh/Library/xPacks/@gnu-mcu-eclipse/arm-none-eabi-gcc/8.2.1-1.7.1/.content/bin/../lib/gcc/arm-none-eabi/8.2.1/../../../../arm-none-eabi/lib/thumb/v7-m/nofp/libg_nano.a(lib_a-impure.o)
 .ARM.attributes
                0x00000000000002e1       0x2d /Users/khoahuynh/Library/xPacks/@gnu-mcu-eclipse/arm-none-eabi-gcc/8.2.1-1.7.1/.content/bin/../lib/gcc/arm-none-eabi/8.2.1/../../../../arm-none-eabi/lib/thumb/v7-m/nofp/libg_nano.a(lib_a-init.o)
 .ARM.attributes
                0x000000000000030e       0x2d /Users/khoahuynh/Library/xPacks/@gnu-mcu-eclipse/arm-none-eabi-gcc/8.2.1-1.7.1/.content/bin/../lib/gcc/arm-none-eabi/8.2.1/../../../../arm-none-eabi/lib/thumb/v7-m/nofp/libg_nano.a(lib_a-memset.o)
 .ARM.attributes
                0x000000000000033b       0x2d /Users/khoahuynh/Library/xPacks/@gnu-mcu-eclipse/arm-none-eabi-gcc/8.2.1-1.7.1/.content/bin/../lib/gcc/arm-none-eabi/8.2.1/../../../../arm-none-eabi/lib/thumb/v7-m/nofp/libg_nano.a(lib_a-sprintf.o)
 .ARM.attributes
                0x0000000000000368       0x17 /Users/khoahuynh/Library/xPacks/@gnu-mcu-eclipse/arm-none-eabi-gcc/8.2.1-1.7.1/.content/bin/../lib/gcc/arm-none-eabi/8.2.1/../../../../arm-none-eabi/lib/thumb/v7-m/nofp/libg_nano.a(lib_a-strlen.o)
 .ARM.attributes
                0x000000000000037f       0x2d /Users/khoahuynh/Library/xPacks/@gnu-mcu-eclipse/arm-none-eabi-gcc/8.2.1-1.7.1/.content/bin/../lib/gcc/arm-none-eabi/8.2.1/../../../../arm-none-eabi/lib/thumb/v7-m/nofp/libg_nano.a(lib_a-nano-svfprintf.o)
 .ARM.attributes
                0x00000000000003ac       0x2d /Users/khoahuynh/Library/xPacks/@gnu-mcu-eclipse/arm-none-eabi-gcc/8.2.1-1.7.1/.content/bin/../lib/gcc/arm-none-eabi/8.2.1/../../../../arm-none-eabi/lib/thumb/v7-m/nofp/libg_nano.a(lib_a-nano-vfprintf_i.o)
 .ARM.attributes
                0x00000000000003d9       0x2d /Users/khoahuynh/Library/xPacks/@gnu-mcu-eclipse/arm-none-eabi-gcc/8.2.1-1.7.1/.content/bin/../lib/gcc/arm-none-eabi/8.2.1/../../../../arm-none-eabi/lib/thumb/v7-m/nofp/libg_nano.a(lib_a-memchr-stub.o)
 .ARM.attributes
                0x0000000000000406       0x2d /Users/khoahuynh/Library/xPacks/@gnu-mcu-eclipse/arm-none-eabi-gcc/8.2.1-1.7.1/.content/bin/../lib/gcc/arm-none-eabi/8.2.1/../../../../arm-none-eabi/lib/thumb/v7-m/nofp/libg_nano.a(lib_a-memcpy-stub.o)
 .ARM.attributes
                0x0000000000000433       0x2d /Users/khoahuynh/Library/xPacks/@gnu-mcu-eclipse/arm-none-eabi-gcc/8.2.1-1.7.1/.content/bin/../lib/gcc/arm-none-eabi/8.2.1/../../../../arm-none-eabi/lib/thumb/v7-m/nofp/libg_nano.a(lib_a-memmove.o)
 .ARM.attributes
                0x0000000000000460       0x2d /Users/khoahuynh/Library/xPacks/@gnu-mcu-eclipse/arm-none-eabi-gcc/8.2.1-1.7.1/.content/bin/../lib/gcc/arm-none-eabi/8.2.1/../../../../arm-none-eabi/lib/thumb/v7-m/nofp/libg_nano.a(lib_a-nano-freer.o)
 .ARM.attributes
                0x000000000000048d       0x2d /Users/khoahuynh/Library/xPacks/@gnu-mcu-eclipse/arm-none-eabi-gcc/8.2.1-1.7.1/.content/bin/../lib/gcc/arm-none-eabi/8.2.1/../../../../arm-none-eabi/lib/thumb/v7-m/nofp/libg_nano.a(lib_a-nano-mallocr.o)
 .ARM.attributes
                0x00000000000004ba       0x2d /Users/khoahuynh/Library/xPacks/@gnu-mcu-eclipse/arm-none-eabi-gcc/8.2.1-1.7.1/.content/bin/../lib/gcc/arm-none-eabi/8.2.1/../../../../arm-none-eabi/lib/thumb/v7-m/nofp/libg_nano.a(lib_a-nano-reallocr.o)
 .ARM.attributes
                0x00000000000004e7       0x2d /Users/khoahuynh/Library/xPacks/@gnu-mcu-eclipse/arm-none-eabi-gcc/8.2.1-1.7.1/.content/bin/../lib/gcc/arm-none-eabi/8.2.1/../../../../arm-none-eabi/lib/thumb/v7-m/nofp/libg_nano.a(lib_a-sbrkr.o)
 .ARM.attributes
                0x0000000000000514       0x2d /Users/khoahuynh/Library/xPacks/@gnu-mcu-eclipse/arm-none-eabi-gcc/8.2.1-1.7.1/.content/bin/../lib/gcc/arm-none-eabi/8.2.1/../../../../arm-none-eabi/lib/thumb/v7-m/nofp/libg_nano.a(lib_a-mlock.o)
 .ARM.attributes
                0x0000000000000541       0x2d /Users/khoahuynh/Library/xPacks/@gnu-mcu-eclipse/arm-none-eabi-gcc/8.2.1-1.7.1/.content/bin/../lib/gcc/arm-none-eabi/8.2.1/../../../../arm-none-eabi/lib/thumb/v7-m/nofp/libg_nano.a(lib_a-nano-msizer.o)
 .ARM.attributes
                0x000000000000056e       0x2d /Users/khoahuynh/Library/xPacks/@gnu-mcu-eclipse/arm-none-eabi-gcc/8.2.1-1.7.1/.content/bin/../lib/gcc/arm-none-eabi/8.2.1/../../../../arm-none-eabi/lib/thumb/v7-m/nofp/libg_nano.a(lib_a-reent.o)
 .ARM.attributes
                0x000000000000059b       0x2d /Users/khoahuynh/Library/xPacks/@gnu-mcu-eclipse/arm-none-eabi-gcc/8.2.1-1.7.1/.content/bin/../lib/gcc/arm-none-eabi/8.2.1/../../../../arm-none-eabi/lib/thumb/v7-m/nofp/libg_nano.a(lib_a-lock.o)
 .ARM.attributes
                0x00000000000005c8       0x2d /Users/khoahuynh/Library/xPacks/@gnu-mcu-eclipse/arm-none-eabi-gcc/8.2.1-1.7.1/.content/bin/../lib/gcc/arm-none-eabi/8.2.1/thumb/v7-m/nofp/crtend.o
 .ARM.attributes
                0x00000000000005f5       0x1d /Users/khoahuynh/Library/xPacks/@gnu-mcu-eclipse/arm-none-eabi-gcc/8.2.1-1.7.1/.content/bin/../lib/gcc/arm-none-eabi/8.2.1/thumb/v7-m/nofp/crtn.o
OUTPUT(STM32_ST7032.elf elf32-littlearm)

.debug_line     0x0000000000000000     0xa58b
 .debug_line    0x0000000000000000       0x7d ./startup/startup_stm32f103xb.o
 .debug_line    0x000000000000007d      0xa68 ./Src/STM32_ST7032.o
 .debug_line    0x0000000000000ae5      0x4a6 ./Src/it.o
 .debug_line    0x0000000000000f8b      0x8b1 ./Src/main.o
 .debug_line    0x000000000000183c      0x50c ./Src/msp.o
 .debug_line    0x0000000000001d48      0x66f ./Src/syscalls.o
 .debug_line    0x00000000000023b7      0x2d7 ./Src/system_stm32f1xx.o
 .debug_line    0x000000000000268e      0x758 ./Drivers/STM32F1xx_HAL_Driver/Src/stm32f1xx_hal.o
 .debug_line    0x0000000000002de6      0x93a ./Drivers/STM32F1xx_HAL_Driver/Src/stm32f1xx_hal_cortex.o
 .debug_line    0x0000000000003720      0x819 ./Drivers/STM32F1xx_HAL_Driver/Src/stm32f1xx_hal_gpio.o
 .debug_line    0x0000000000003f39     0x34e7 ./Drivers/STM32F1xx_HAL_Driver/Src/stm32f1xx_hal_i2c.o
 .debug_line    0x0000000000007420      0xb6c ./Drivers/STM32F1xx_HAL_Driver/Src/stm32f1xx_hal_rcc.o
 .debug_line    0x0000000000007f8c     0x25ff ./Drivers/STM32F1xx_HAL_Driver/Src/stm32f1xx_hal_tim.o

.debug_info     0x0000000000000000     0xc731
 .debug_info    0x0000000000000000       0x22 ./startup/startup_stm32f103xb.o
 .debug_info    0x0000000000000022     0x16e4 ./Src/STM32_ST7032.o
 .debug_info    0x0000000000001706      0x908 ./Src/it.o
 .debug_info    0x000000000000200e     0x15a6 ./Src/main.o
 .debug_info    0x00000000000035b4      0xf11 ./Src/msp.o
 .debug_info    0x00000000000044c5     0x101a ./Src/syscalls.o
 .debug_info    0x00000000000054df      0x3f7 ./Src/system_stm32f1xx.o
 .debug_info    0x00000000000058d6      0x72e ./Drivers/STM32F1xx_HAL_Driver/Src/stm32f1xx_hal.o
 .debug_info    0x0000000000006004      0xbac ./Drivers/STM32F1xx_HAL_Driver/Src/stm32f1xx_hal_cortex.o
 .debug_info    0x0000000000006bb0      0x6b5 ./Drivers/STM32F1xx_HAL_Driver/Src/stm32f1xx_hal_gpio.o
 .debug_info    0x0000000000007265     0x2636 ./Drivers/STM32F1xx_HAL_Driver/Src/stm32f1xx_hal_i2c.o
 .debug_info    0x000000000000989b      0x852 ./Drivers/STM32F1xx_HAL_Driver/Src/stm32f1xx_hal_rcc.o
 .debug_info    0x000000000000a0ed     0x2644 ./Drivers/STM32F1xx_HAL_Driver/Src/stm32f1xx_hal_tim.o

.debug_abbrev   0x0000000000000000     0x1b55
 .debug_abbrev  0x0000000000000000       0x12 ./startup/startup_stm32f103xb.o
 .debug_abbrev  0x0000000000000012      0x2d3 ./Src/STM32_ST7032.o
 .debug_abbrev  0x00000000000002e5      0x15c ./Src/it.o
 .debug_abbrev  0x0000000000000441      0x2c3 ./Src/main.o
 .debug_abbrev  0x0000000000000704      0x1c8 ./Src/msp.o
 .debug_abbrev  0x00000000000008cc      0x2e7 ./Src/syscalls.o
 .debug_abbrev  0x0000000000000bb3      0x14e ./Src/system_stm32f1xx.o
 .debug_abbrev  0x0000000000000d01      0x200 ./Drivers/STM32F1xx_HAL_Driver/Src/stm32f1xx_hal.o
 .debug_abbrev  0x0000000000000f01      0x313 ./Drivers/STM32F1xx_HAL_Driver/Src/stm32f1xx_hal_cortex.o
 .debug_abbrev  0x0000000000001214      0x1e8 ./Drivers/STM32F1xx_HAL_Driver/Src/stm32f1xx_hal_gpio.o
 .debug_abbrev  0x00000000000013fc      0x288 ./Drivers/STM32F1xx_HAL_Driver/Src/stm32f1xx_hal_i2c.o
 .debug_abbrev  0x0000000000001684      0x273 ./Drivers/STM32F1xx_HAL_Driver/Src/stm32f1xx_hal_rcc.o
 .debug_abbrev  0x00000000000018f7      0x25e ./Drivers/STM32F1xx_HAL_Driver/Src/stm32f1xx_hal_tim.o

.debug_aranges  0x0000000000000000      0xb38
 .debug_aranges
                0x0000000000000000       0x28 ./startup/startup_stm32f103xb.o
 .debug_aranges
                0x0000000000000028       0xa0 ./Src/STM32_ST7032.o
 .debug_aranges
                0x00000000000000c8       0x20 ./Src/it.o
 .debug_aranges
                0x00000000000000e8       0x48 ./Src/main.o
 .debug_aranges
                0x0000000000000130       0x30 ./Src/msp.o
 .debug_aranges
                0x0000000000000160       0xb0 ./Src/syscalls.o
 .debug_aranges
                0x0000000000000210       0x28 ./Src/system_stm32f1xx.o
 .debug_aranges
                0x0000000000000238       0xe0 ./Drivers/STM32F1xx_HAL_Driver/Src/stm32f1xx_hal.o
 .debug_aranges
                0x0000000000000318      0x100 ./Drivers/STM32F1xx_HAL_Driver/Src/stm32f1xx_hal_cortex.o
 .debug_aranges
                0x0000000000000418       0x58 ./Drivers/STM32F1xx_HAL_Driver/Src/stm32f1xx_hal_gpio.o
 .debug_aranges
                0x0000000000000470      0x290 ./Drivers/STM32F1xx_HAL_Driver/Src/stm32f1xx_hal_i2c.o
 .debug_aranges
                0x0000000000000700       0x90 ./Drivers/STM32F1xx_HAL_Driver/Src/stm32f1xx_hal_rcc.o
 .debug_aranges
                0x0000000000000790      0x3a8 ./Drivers/STM32F1xx_HAL_Driver/Src/stm32f1xx_hal_tim.o

.debug_str      0x0000000000000000    0x743fd
 .debug_str     0x0000000000000000       0x7c ./startup/startup_stm32f103xb.o
 .debug_str     0x000000000000007c    0x7064d ./Src/STM32_ST7032.o
                                      0x70a8a (size before relaxing)
 .debug_str     0x00000000000706c9       0x27 ./Src/it.o
                                      0x6c46a (size before relaxing)
 .debug_str     0x00000000000706f0      0x1a2 ./Src/main.o
                                      0x709d9 (size before relaxing)
 .debug_str     0x0000000000070892      0x372 ./Src/msp.o
                                      0x6c877 (size before relaxing)
 .debug_str     0x0000000000070c04     0x1216 ./Src/syscalls.o
                                       0x8694 (size before relaxing)
 .debug_str     0x0000000000071e1a       0x8f ./Src/system_stm32f1xx.o
                                      0x53efd (size before relaxing)
 .debug_str     0x0000000000071ea9      0x3c0 ./Drivers/STM32F1xx_HAL_Driver/Src/stm32f1xx_hal.o
                                      0x6c4fe (size before relaxing)
 .debug_str     0x0000000000072269      0x2c8 ./Drivers/STM32F1xx_HAL_Driver/Src/stm32f1xx_hal_cortex.o
                                      0x6c50c (size before relaxing)
 .debug_str     0x0000000000072531      0x340 ./Drivers/STM32F1xx_HAL_Driver/Src/stm32f1xx_hal_gpio.o
                                      0x6c22c (size before relaxing)
 .debug_str     0x0000000000072871      0xb7f ./Drivers/STM32F1xx_HAL_Driver/Src/stm32f1xx_hal_i2c.o
                                      0x6ce58 (size before relaxing)
 .debug_str     0x00000000000733f0      0x27c ./Drivers/STM32F1xx_HAL_Driver/Src/stm32f1xx_hal_rcc.o
                                      0x6c265 (size before relaxing)
 .debug_str     0x000000000007366c      0xd91 ./Drivers/STM32F1xx_HAL_Driver/Src/stm32f1xx_hal_tim.o
                                      0x6d030 (size before relaxing)

.debug_ranges   0x0000000000000000      0xa90
 .debug_ranges  0x0000000000000000       0x20 ./startup/startup_stm32f103xb.o
 .debug_ranges  0x0000000000000020       0x90 ./Src/STM32_ST7032.o
 .debug_ranges  0x00000000000000b0       0x10 ./Src/it.o
 .debug_ranges  0x00000000000000c0       0x38 ./Src/main.o
 .debug_ranges  0x00000000000000f8       0x20 ./Src/msp.o
 .debug_ranges  0x0000000000000118       0xa0 ./Src/syscalls.o
 .debug_ranges  0x00000000000001b8       0x18 ./Src/system_stm32f1xx.o
 .debug_ranges  0x00000000000001d0       0xd0 ./Drivers/STM32F1xx_HAL_Driver/Src/stm32f1xx_hal.o
 .debug_ranges  0x00000000000002a0       0xf0 ./Drivers/STM32F1xx_HAL_Driver/Src/stm32f1xx_hal_cortex.o
 .debug_ranges  0x0000000000000390       0x48 ./Drivers/STM32F1xx_HAL_Driver/Src/stm32f1xx_hal_gpio.o
 .debug_ranges  0x00000000000003d8      0x2a0 ./Drivers/STM32F1xx_HAL_Driver/Src/stm32f1xx_hal_i2c.o
 .debug_ranges  0x0000000000000678       0x80 ./Drivers/STM32F1xx_HAL_Driver/Src/stm32f1xx_hal_rcc.o
 .debug_ranges  0x00000000000006f8      0x398 ./Drivers/STM32F1xx_HAL_Driver/Src/stm32f1xx_hal_tim.o

.debug_macro    0x0000000000000000    0x14eef
 .debug_macro   0x0000000000000000      0x322 ./Src/STM32_ST7032.o
 .debug_macro   0x0000000000000322      0xa84 ./Src/STM32_ST7032.o
 .debug_macro   0x0000000000000da6       0x22 ./Src/STM32_ST7032.o
 .debug_macro   0x0000000000000dc8      0x34e ./Src/STM32_ST7032.o
 .debug_macro   0x0000000000001116       0x1c ./Src/STM32_ST7032.o
 .debug_macro   0x0000000000001132       0x22 ./Src/STM32_ST7032.o
 .debug_macro   0x0000000000001154       0xc3 ./Src/STM32_ST7032.o
 .debug_macro   0x0000000000001217      0xd23 ./Src/STM32_ST7032.o
 .debug_macro   0x0000000000001f3a     0xe09e ./Src/STM32_ST7032.o
 .debug_macro   0x000000000000ffd8      0x221 ./Src/STM32_ST7032.o
 .debug_macro   0x00000000000101f9       0x2e ./Src/STM32_ST7032.o
 .debug_macro   0x0000000000010227       0x43 ./Src/STM32_ST7032.o
 .debug_macro   0x000000000001026a      0x174 ./Src/STM32_ST7032.o
 .debug_macro   0x00000000000103de       0x5a ./Src/STM32_ST7032.o
 .debug_macro   0x0000000000010438      0x5be ./Src/STM32_ST7032.o
 .debug_macro   0x00000000000109f6      0x289 ./Src/STM32_ST7032.o
 .debug_macro   0x0000000000010c7f      0x1cb ./Src/STM32_ST7032.o
 .debug_macro   0x0000000000010e4a      0x114 ./Src/STM32_ST7032.o
 .debug_macro   0x0000000000010f5e      0x1b2 ./Src/STM32_ST7032.o
 .debug_macro   0x0000000000011110       0x27 ./Src/STM32_ST7032.o
 .debug_macro   0x0000000000011137      0x136 ./Src/STM32_ST7032.o
 .debug_macro   0x000000000001126d      0x1bc ./Src/STM32_ST7032.o
 .debug_macro   0x0000000000011429       0x34 ./Src/STM32_ST7032.o
 .debug_macro   0x000000000001145d       0x3c ./Src/STM32_ST7032.o
 .debug_macro   0x0000000000011499       0x57 ./Src/STM32_ST7032.o
 .debug_macro   0x00000000000114f0       0x88 ./Src/STM32_ST7032.o
 .debug_macro   0x0000000000011578      0x241 ./Src/STM32_ST7032.o
 .debug_macro   0x00000000000117b9      0x280 ./Src/STM32_ST7032.o
 .debug_macro   0x0000000000011a39      0x141 ./Src/STM32_ST7032.o
 .debug_macro   0x0000000000011b7a      0x88b ./Src/STM32_ST7032.o
 .debug_macro   0x0000000000012405      0x26b ./Src/STM32_ST7032.o
 .debug_macro   0x0000000000012670       0x83 ./Src/STM32_ST7032.o
 .debug_macro   0x00000000000126f3       0x22 ./Src/STM32_ST7032.o
 .debug_macro   0x0000000000012715       0x22 ./Src/STM32_ST7032.o
 .debug_macro   0x0000000000012737       0x5e ./Src/STM32_ST7032.o
 .debug_macro   0x0000000000012795       0x18 ./Src/STM32_ST7032.o
 .debug_macro   0x00000000000127ad       0x94 ./Src/STM32_ST7032.o
 .debug_macro   0x0000000000012841       0x35 ./Src/STM32_ST7032.o
 .debug_macro   0x0000000000012876       0x34 ./Src/STM32_ST7032.o
 .debug_macro   0x00000000000128aa       0x16 ./Src/STM32_ST7032.o
 .debug_macro   0x00000000000128c0       0x57 ./Src/STM32_ST7032.o
 .debug_macro   0x0000000000012917       0x35 ./Src/STM32_ST7032.o
 .debug_macro   0x000000000001294c      0x333 ./Src/STM32_ST7032.o
 .debug_macro   0x0000000000012c7f       0x10 ./Src/STM32_ST7032.o
 .debug_macro   0x0000000000012c8f       0x58 ./Src/STM32_ST7032.o
 .debug_macro   0x0000000000012ce7       0x1f ./Src/STM32_ST7032.o
 .debug_macro   0x0000000000012d06       0x43 ./Src/STM32_ST7032.o
 .debug_macro   0x0000000000012d49       0x20 ./Src/STM32_ST7032.o
 .debug_macro   0x0000000000012d69      0x18e ./Src/STM32_ST7032.o
 .debug_macro   0x0000000000012ef7       0x10 ./Src/STM32_ST7032.o
 .debug_macro   0x0000000000012f07       0x6a ./Src/STM32_ST7032.o
 .debug_macro   0x0000000000012f71       0x1c ./Src/STM32_ST7032.o
 .debug_macro   0x0000000000012f8d       0x52 ./Src/STM32_ST7032.o
 .debug_macro   0x0000000000012fdf       0x40 ./Src/STM32_ST7032.o
 .debug_macro   0x000000000001301f       0x10 ./Src/STM32_ST7032.o
 .debug_macro   0x000000000001302f       0x40 ./Src/STM32_ST7032.o
 .debug_macro   0x000000000001306f       0xd7 ./Src/STM32_ST7032.o
 .debug_macro   0x0000000000013146       0x1c ./Src/STM32_ST7032.o
 .debug_macro   0x0000000000013162       0x3d ./Src/STM32_ST7032.o
 .debug_macro   0x000000000001319f       0x16 ./Src/STM32_ST7032.o
 .debug_macro   0x00000000000131b5      0x16f ./Src/STM32_ST7032.o
 .debug_macro   0x0000000000013324       0x16 ./Src/STM32_ST7032.o
 .debug_macro   0x000000000001333a      0x178 ./Src/it.o
 .debug_macro   0x00000000000134b2      0x322 ./Src/main.o
 .debug_macro   0x00000000000137d4      0x16e ./Src/msp.o
 .debug_macro   0x0000000000013942      0x243 ./Src/syscalls.o
 .debug_macro   0x0000000000013b85      0x339 ./Src/syscalls.o
 .debug_macro   0x0000000000013ebe       0x10 ./Src/syscalls.o
 .debug_macro   0x0000000000013ece       0x10 ./Src/syscalls.o
 .debug_macro   0x0000000000013ede       0x10 ./Src/syscalls.o
 .debug_macro   0x0000000000013eee       0x35 ./Src/syscalls.o
 .debug_macro   0x0000000000013f23      0x122 ./Src/syscalls.o
 .debug_macro   0x0000000000014045       0x16 ./Src/syscalls.o
 .debug_macro   0x000000000001405b       0x16 ./Src/syscalls.o
 .debug_macro   0x0000000000014071       0x29 ./Src/syscalls.o
 .debug_macro   0x000000000001409a       0x10 ./Src/syscalls.o
 .debug_macro   0x00000000000140aa      0x241 ./Src/syscalls.o
 .debug_macro   0x00000000000142eb       0x1c ./Src/syscalls.o
 .debug_macro   0x0000000000014307       0x10 ./Src/syscalls.o
 .debug_macro   0x0000000000014317      0x189 ./Src/syscalls.o
 .debug_macro   0x00000000000144a0       0x16 ./Src/syscalls.o
 .debug_macro   0x00000000000144b6       0x88 ./Src/syscalls.o
 .debug_macro   0x000000000001453e       0x8f ./Src/system_stm32f1xx.o
 .debug_macro   0x00000000000145cd      0x184 ./Drivers/STM32F1xx_HAL_Driver/Src/stm32f1xx_hal.o
 .debug_macro   0x0000000000014751      0x160 ./Drivers/STM32F1xx_HAL_Driver/Src/stm32f1xx_hal_cortex.o
 .debug_macro   0x00000000000148b1      0x1cb ./Drivers/STM32F1xx_HAL_Driver/Src/stm32f1xx_hal_gpio.o
 .debug_macro   0x0000000000014a7c      0x1a0 ./Drivers/STM32F1xx_HAL_Driver/Src/stm32f1xx_hal_i2c.o
 .debug_macro   0x0000000000014c1c      0x172 ./Drivers/STM32F1xx_HAL_Driver/Src/stm32f1xx_hal_rcc.o
 .debug_macro   0x0000000000014d8e      0x161 ./Drivers/STM32F1xx_HAL_Driver/Src/stm32f1xx_hal_tim.o

.comment        0x0000000000000000       0x68
 .comment       0x0000000000000000       0x68 ./Src/STM32_ST7032.o
                                         0x69 (size before relaxing)
 .comment       0x0000000000000068       0x69 ./Src/it.o
 .comment       0x0000000000000068       0x69 ./Src/main.o
 .comment       0x0000000000000068       0x69 ./Src/msp.o
 .comment       0x0000000000000068       0x69 ./Src/syscalls.o
 .comment       0x0000000000000068       0x69 ./Src/system_stm32f1xx.o
 .comment       0x0000000000000068       0x69 ./Drivers/STM32F1xx_HAL_Driver/Src/stm32f1xx_hal.o
 .comment       0x0000000000000068       0x69 ./Drivers/STM32F1xx_HAL_Driver/Src/stm32f1xx_hal_cortex.o
 .comment       0x0000000000000068       0x69 ./Drivers/STM32F1xx_HAL_Driver/Src/stm32f1xx_hal_gpio.o
 .comment       0x0000000000000068       0x69 ./Drivers/STM32F1xx_HAL_Driver/Src/stm32f1xx_hal_i2c.o
 .comment       0x0000000000000068       0x69 ./Drivers/STM32F1xx_HAL_Driver/Src/stm32f1xx_hal_rcc.o
 .comment       0x0000000000000068       0x69 ./Drivers/STM32F1xx_HAL_Driver/Src/stm32f1xx_hal_tim.o

.debug_frame    0x0000000000000000     0x3300
 .debug_frame   0x0000000000000000      0x23c ./Src/STM32_ST7032.o
 .debug_frame   0x000000000000023c       0x2c ./Src/it.o
 .debug_frame   0x0000000000000268       0xd4 ./Src/main.o
 .debug_frame   0x000000000000033c       0x7c ./Src/msp.o
 .debug_frame   0x00000000000003b8      0x2d0 ./Src/syscalls.o
 .debug_frame   0x0000000000000688       0x58 ./Src/system_stm32f1xx.o
 .debug_frame   0x00000000000006e0      0x334 ./Drivers/STM32F1xx_HAL_Driver/Src/stm32f1xx_hal.o
 .debug_frame   0x0000000000000a14      0x428 ./Drivers/STM32F1xx_HAL_Driver/Src/stm32f1xx_hal_cortex.o
 .debug_frame   0x0000000000000e3c      0x14c ./Drivers/STM32F1xx_HAL_Driver/Src/stm32f1xx_hal_gpio.o
 .debug_frame   0x0000000000000f88      0xc08 ./Drivers/STM32F1xx_HAL_Driver/Src/stm32f1xx_hal_i2c.o
 .debug_frame   0x0000000000001b90      0x21c ./Drivers/STM32F1xx_HAL_Driver/Src/stm32f1xx_hal_rcc.o
 .debug_frame   0x0000000000001dac     0x10e8 ./Drivers/STM32F1xx_HAL_Driver/Src/stm32f1xx_hal_tim.o
 .debug_frame   0x0000000000002e94       0x20 /Users/khoahuynh/Library/xPacks/@gnu-mcu-eclipse/arm-none-eabi-gcc/8.2.1-1.7.1/.content/bin/../lib/gcc/arm-none-eabi/8.2.1/../../../../arm-none-eabi/lib/thumb/v7-m/nofp/libg_nano.a(lib_a-errno.o)
 .debug_frame   0x0000000000002eb4       0x2c /Users/khoahuynh/Library/xPacks/@gnu-mcu-eclipse/arm-none-eabi-gcc/8.2.1-1.7.1/.content/bin/../lib/gcc/arm-none-eabi/8.2.1/../../../../arm-none-eabi/lib/thumb/v7-m/nofp/libg_nano.a(lib_a-init.o)
 .debug_frame   0x0000000000002ee0       0x20 /Users/khoahuynh/Library/xPacks/@gnu-mcu-eclipse/arm-none-eabi-gcc/8.2.1-1.7.1/.content/bin/../lib/gcc/arm-none-eabi/8.2.1/../../../../arm-none-eabi/lib/thumb/v7-m/nofp/libg_nano.a(lib_a-memset.o)
 .debug_frame   0x0000000000002f00       0x6c /Users/khoahuynh/Library/xPacks/@gnu-mcu-eclipse/arm-none-eabi-gcc/8.2.1-1.7.1/.content/bin/../lib/gcc/arm-none-eabi/8.2.1/../../../../arm-none-eabi/lib/thumb/v7-m/nofp/libg_nano.a(lib_a-sprintf.o)
 .debug_frame   0x0000000000002f6c       0x90 /Users/khoahuynh/Library/xPacks/@gnu-mcu-eclipse/arm-none-eabi-gcc/8.2.1-1.7.1/.content/bin/../lib/gcc/arm-none-eabi/8.2.1/../../../../arm-none-eabi/lib/thumb/v7-m/nofp/libg_nano.a(lib_a-nano-svfprintf.o)
 .debug_frame   0x0000000000002ffc       0x60 /Users/khoahuynh/Library/xPacks/@gnu-mcu-eclipse/arm-none-eabi-gcc/8.2.1-1.7.1/.content/bin/../lib/gcc/arm-none-eabi/8.2.1/../../../../arm-none-eabi/lib/thumb/v7-m/nofp/libg_nano.a(lib_a-nano-vfprintf_i.o)
 .debug_frame   0x000000000000305c       0x28 /Users/khoahuynh/Library/xPacks/@gnu-mcu-eclipse/arm-none-eabi-gcc/8.2.1-1.7.1/.content/bin/../lib/gcc/arm-none-eabi/8.2.1/../../../../arm-none-eabi/lib/thumb/v7-m/nofp/libg_nano.a(lib_a-memchr-stub.o)
 .debug_frame   0x0000000000003084       0x28 /Users/khoahuynh/Library/xPacks/@gnu-mcu-eclipse/arm-none-eabi-gcc/8.2.1-1.7.1/.content/bin/../lib/gcc/arm-none-eabi/8.2.1/../../../../arm-none-eabi/lib/thumb/v7-m/nofp/libg_nano.a(lib_a-memcpy-stub.o)
 .debug_frame   0x00000000000030ac       0x28 /Users/khoahuynh/Library/xPacks/@gnu-mcu-eclipse/arm-none-eabi-gcc/8.2.1-1.7.1/.content/bin/../lib/gcc/arm-none-eabi/8.2.1/../../../../arm-none-eabi/lib/thumb/v7-m/nofp/libg_nano.a(lib_a-memmove.o)
 .debug_frame   0x00000000000030d4       0x38 /Users/khoahuynh/Library/xPacks/@gnu-mcu-eclipse/arm-none-eabi-gcc/8.2.1-1.7.1/.content/bin/../lib/gcc/arm-none-eabi/8.2.1/../../../../arm-none-eabi/lib/thumb/v7-m/nofp/libg_nano.a(lib_a-nano-freer.o)
 .debug_frame   0x000000000000310c       0x30 /Users/khoahuynh/Library/xPacks/@gnu-mcu-eclipse/arm-none-eabi-gcc/8.2.1-1.7.1/.content/bin/../lib/gcc/arm-none-eabi/8.2.1/../../../../arm-none-eabi/lib/thumb/v7-m/nofp/libg_nano.a(lib_a-nano-mallocr.o)
 .debug_frame   0x000000000000313c       0x3c /Users/khoahuynh/Library/xPacks/@gnu-mcu-eclipse/arm-none-eabi-gcc/8.2.1-1.7.1/.content/bin/../lib/gcc/arm-none-eabi/8.2.1/../../../../arm-none-eabi/lib/thumb/v7-m/nofp/libg_nano.a(lib_a-nano-reallocr.o)
 .debug_frame   0x0000000000003178       0x2c /Users/khoahuynh/Library/xPacks/@gnu-mcu-eclipse/arm-none-eabi-gcc/8.2.1-1.7.1/.content/bin/../lib/gcc/arm-none-eabi/8.2.1/../../../../arm-none-eabi/lib/thumb/v7-m/nofp/libg_nano.a(lib_a-sbrkr.o)
 .debug_frame   0x00000000000031a4       0x30 /Users/khoahuynh/Library/xPacks/@gnu-mcu-eclipse/arm-none-eabi-gcc/8.2.1-1.7.1/.content/bin/../lib/gcc/arm-none-eabi/8.2.1/../../../../arm-none-eabi/lib/thumb/v7-m/nofp/libg_nano.a(lib_a-mlock.o)
 .debug_frame   0x00000000000031d4       0x20 /Users/khoahuynh/Library/xPacks/@gnu-mcu-eclipse/arm-none-eabi-gcc/8.2.1-1.7.1/.content/bin/../lib/gcc/arm-none-eabi/8.2.1/../../../../arm-none-eabi/lib/thumb/v7-m/nofp/libg_nano.a(lib_a-nano-msizer.o)
 .debug_frame   0x00000000000031f4       0x5c /Users/khoahuynh/Library/xPacks/@gnu-mcu-eclipse/arm-none-eabi-gcc/8.2.1-1.7.1/.content/bin/../lib/gcc/arm-none-eabi/8.2.1/../../../../arm-none-eabi/lib/thumb/v7-m/nofp/libg_nano.a(lib_a-reent.o)
 .debug_frame   0x0000000000003250       0xb0 /Users/khoahuynh/Library/xPacks/@gnu-mcu-eclipse/arm-none-eabi-gcc/8.2.1-1.7.1/.content/bin/../lib/gcc/arm-none-eabi/8.2.1/../../../../arm-none-eabi/lib/thumb/v7-m/nofp/libg_nano.a(lib_a-lock.o)
